[     139ms] [LOG] getLegacyFirstStream 135.19999999925494 @ https://www.douyu.com/6657:44
[     140ms] [LOG] jsh WebEncrypt start 135.80000000074506 @ https://shark2.douyucdn.cn/front-publish/douyu-web-first-stream-master/web-encrypt-57bbddd0.js:6
[     240ms] [LOG] jsh WebEncrypt encrypt sign success 235.80000000074506 @ https://shark2.douyucdn.cn/front-publish/douyu-web-first-stream-master/web-encrypt-57bbddd0.js:6
[     241ms] [LOG] jsh WebEncrypt request sended success 236.80000000074506 @ https://shark2.douyucdn.cn/front-publish/douyu-web-first-stream-master/web-encrypt-57bbddd0.js:6
[     288ms] [LOG] prefetch stream 283.3999999985099 @ https://shark2.douyucdn.cn/front-publish/douyu-web-first-stream-master/web-encrypt-57bbddd0.js:6
[    1489ms] Transition was skipped
[    1495ms] Transition was skipped
[    2966ms] [ERROR] [90m[03:11:42][39m [31mERROR[39m [40mdouyu-web:[49m [业务异常请求]https://www.douyu.com/wgapi/livenc/liveweb/follow/top3 @ https://shark2.douyucdn.cn/front-publish/douyu-web-master/_next/static/chunks/5902-dbfb584d1ff47ce9.js:0
[    2967ms] [ERROR] [90m[03:11:42][39m [31mERROR[39m [40mdouyu-web:[49m t: 用户未登陆或token已过期
    at https://shark2.douyucdn.cn/front-publish/douyu-web-master/_next/static/chunks/1154-45c76b4021467451.js:1:64132
    at Object.next (https://shark2.douyucdn.cn/front-publish/douyu-web-master/_next/static/chunks/5902-dbfb584d1ff47ce9.js:1:60729)
    at n (https://shark2.douyucdn.cn/front-publish/douyu-web-master/_next/static/chunks/5902-dbfb584d1ff47ce9.js:1:34698)
    at u (https://shark2.douyucdn.cn/front-publish/douyu-web-master/_next/static/chunks/5902-dbfb584d1ff47ce9.js:1:34895) @ https://shark2.douyucdn.cn/front-publish/douyu-web-master/_next/static/chunks/5902-dbfb584d1ff47ce9.js:0
[    4527ms] [LOG] frame on registerListener @ https://game.weixin.qq.com/cgi-bin/minigame/static/pc-gamesdk-alpha/wxgamesdkframe.html:0
[    4628ms] [LOG] frame on sync_method {getGameSession: } @ https://game.weixin.qq.com/cgi-bin/minigame/static/pc-gamesdk-alpha/wxgamesdkframe.html:0
[    5053ms] [WARNING] Unrecognized feature: 'private-network'. @ https://game.weixin.qq.com/cgi-bin/minigame/static/pc-gamesdk-alpha/wxgamesdk.js:0
[    5099ms] [LOG] frame on registerListener @ https://game.weixin.qq.com/cgi-bin/minigame/static/pc-gamesdk-alpha/wxgamesdkframe.html:0
[    5263ms] [ERROR] [03:11:45] ERROR ord-task-center: batchBagInfos {error: -1, data: undefined, message: 用户未登陆或token已过期} @ https://shark2.douyucdn.cn/front-publish/ord-task-center-master/assets/index-BMRnYzc7.js:17
[    5299ms] [LOG] frame on sync_method {getGameSession: } @ https://game.weixin.qq.com/cgi-bin/minigame/static/pc-gamesdk-alpha/wxgamesdkframe.html:0
[    5306ms] TypeError: Cannot read properties of undefined (reading '20250521OPFOY_bag155')
    at https://shark2.douyucdn.cn/front-publish/ord-task-center-master/assets/index-BMRnYzc7.js:125:83513
    at Array.map (<anonymous>)
    at https://shark2.douyucdn.cn/front-publish/ord-task-center-master/assets/index-BMRnYzc7.js:125:83473
[    5526ms] [LOG] frame on invoke {apiName: getGameSession, args: Object} @ https://game.weixin.qq.com/cgi-bin/minigame/static/pc-gamesdk-alpha/wxgamesdkframe.html:0
[    5772ms] [LOG] frame on invoke {apiName: getGameSession, args: Object} @ https://game.weixin.qq.com/cgi-bin/minigame/static/pc-gamesdk-alpha/wxgamesdkframe.html:0
[    5772ms] [ERROR] Error: rate limit exceeded
    at https://game.weixin.qq.com/cgi-bin/minigame/static/pc-gamesdk-alpha/wxgamesdkframe.html:1:11004
    at Generator.next (<anonymous>)
    at https://game.weixin.qq.com/cgi-bin/minigame/static/pc-gamesdk-alpha/wxgamesdkframe.html:1:10192
    at new Promise (<anonymous>)
    at n (https://game.weixin.qq.com/cgi-bin/minigame/static/pc-gamesdk-alpha/wxgamesdkframe.html:1:9940)
    at Object.send (https://game.weixin.qq.com/cgi-bin/minigame/static/pc-gamesdk-alpha/wxgamesdkframe.html:1:10847)
    at https://game.weixin.qq.com/cgi-bin/minigame/static/pc-gamesdk-alpha/wxgamesdkframe.html:1:1002
    at Generator.next (<anonymous>)
    at https://game.weixin.qq.com/cgi-bin/minigame/static/pc-gamesdk-alpha/wxgamesdkframe.html:1:508
    at new Promise (<anonymous>) @ https://game.weixin.qq.com/cgi-bin/minigame/static/pc-gamesdk-alpha/wxgamesdkframe.html:0
[    5796ms] Transition was aborted because of invalid state
[   13543ms] [ERROR] Error: timeout
    at https://game.weixin.qq.com/cgi-bin/minigame/static/pc-gamesdk-alpha/wxgamesdkframe.html:1:9167
    at Generator.throw (<anonymous>)
    at a (https://game.weixin.qq.com/cgi-bin/minigame/static/pc-gamesdk-alpha/wxgamesdkframe.html:1:7941) @ https://game.weixin.qq.com/cgi-bin/minigame/static/pc-gamesdk-alpha/wxgamesdkframe.html:0
[   15176ms] [WARNING] document.domain mutation is ignored because the surrounding agent cluster is origin-keyed. @ https://shark2.douyucdn.cn/front-publish/live-next-master/js/room/common_5f10d65.js:0
[   20042ms] [ERROR] Failed to load resource: net::ERR_CONNECTION_CLOSED @ https://local.passport.douyu.com:49195/pcclient/getUserInfo?lang=cn&callback=json_callback&_1786043515224=:0
[   20406ms] [ERROR] Failed to load resource: net::ERR_CONNECTION_CLOSED @ https://local.passport.douyu.com:50223/pcclient/getUserInfo?lang=cn&callback=json_callback&_1786043515225=:0
[   21212ms] [ERROR] Failed to load resource: net::ERR_CONNECTION_RESET @ https://local.passport.douyu.com:50123/pcclient/getUserInfo?lang=cn&callback=json_callback&_1786043515225=:0
[   21283ms] [ERROR] Failed to load resource: net::ERR_CONNECTION_RESET @ https://local.passport.douyu.com:49165/pcclient/getUserInfo?lang=cn&callback=json_callback&_1786043515224=:0
[   21582ms] [ERROR] Failed to load resource: net::ERR_CONNECTION_RESET @ https://local.passport.douyu.com:49175/pcclient/getUserInfo?lang=cn&callback=json_callback&_1786043515224=:0
[   21605ms] [ERROR] Failed to load resource: net::ERR_CONNECTION_CLOSED @ https://local.passport.douyu.com:49155/pcclient/getUserInfo?lang=cn&callback=json_callback&_1786043515224=:0
[   21952ms] [ERROR] Failed to load resource: net::ERR_CONNECTION_CLOSED @ https://local.passport.douyu.com:50423/pcclient/getUserInfo?lang=cn&callback=json_callback&_1786043515225=:0
[   22452ms] [ERROR] Failed to load resource: net::ERR_CONNECTION_RESET @ https://local.passport.douyu.com:50323/pcclient/getUserInfo?lang=cn&callback=json_callback&_1786043515225=:0
[   22751ms] [ERROR] Failed to load resource: net::ERR_CONNECTION_CLOSED @ https://local.passport.douyu.com:49185/pcclient/getUserInfo?lang=cn&callback=json_callback&_1786043515224=:0
[   22771ms] [ERROR] Failed to load resource: net::ERR_CONNECTION_RESET @ https://local.passport.douyu.com:50523/pcclient/getUserInfo?lang=cn&callback=json_callback&_1786043515225=:0
[   29898ms] [LOG] getLegacyFirstStream 189.39999999850988 @ https://www.douyu.com/6657?dyshid=0-:44
[   29898ms] [LOG] jsh WebEncrypt start 189.59999999776483 @ https://shark2.douyucdn.cn/front-publish/douyu-web-first-stream-master/web-encrypt-57bbddd0.js:6
[   29898ms] [LOG] jsh WebEncrypt encrypt sign success 189.69999999925494 @ https://shark2.douyucdn.cn/front-publish/douyu-web-first-stream-master/web-encrypt-57bbddd0.js:6
[   29899ms] [LOG] jsh WebEncrypt request sended success 190.09999999776483 @ https://shark2.douyucdn.cn/front-publish/douyu-web-first-stream-master/web-encrypt-57bbddd0.js:6
[   29944ms] [ERROR] Failed to load resource: the server responded with a status of 403 () @ https://www.douyu.com/lapi/live/getH5PlayV1/6979222:0
[   29983ms] Uncaught (in promise) Error: room error code = NaN, msg=undefined
    at <anonymous> (https://shark2.douyucdn.cn/front-publish/douyu-web-first-stream-master/web-encrypt-57bbddd0.js:6:14203)
    at <anonymous> (https://shark2.douyucdn.cn/front-publish/douyu-web-first-stream-master/web-encrypt-57bbddd0.js:0:1383)
    at <anonymous> (https://shark2.douyucdn.cn/front-publish/douyu-web-first-stream-master/web-encrypt-57bbddd0.js:0:1488)
    at a (https://shark2.douyucdn.cn/front-publish/douyu-web-first-stream-master/web-encrypt-57bbddd0.js:0:133)
[   29998ms] Transition was skipped
[   30027ms] [ERROR] Failed to load resource: the server responded with a status of 403 () @ https://www.douyu.com/lapi/live/getH5PlayV1/6979222:0
[   30175ms] Transition was skipped
[   31021ms] [LOG] frame on registerListener @ https://game.weixin.qq.com/cgi-bin/minigame/static/pc-gamesdk-alpha/wxgamesdkframe.html:0
[   31188ms] [LOG] frame on sync_method {getGameSession: } @ https://game.weixin.qq.com/cgi-bin/minigame/static/pc-gamesdk-alpha/wxgamesdkframe.html:0
[   32158ms] [LOG] frame on invoke {apiName: getGameSession, args: Object} @ https://game.weixin.qq.com/cgi-bin/minigame/static/pc-gamesdk-alpha/wxgamesdkframe.html:0
[   33963ms] [LOG] %c TIM %c background:#0abf5b; padding:1px; border-radius:3px; color: #fff background:transparent 03:12:13.842 TIM.VERSION:2.27.6 @ https://shark2.douyucdn.cn/front-publish/im-web-master/vendor~app.bundle.f4a086e.js:6
[   33963ms] [LOG] %c TIM %c background:#0abf5b; padding:1px; border-radius:3px; color: #fff background:transparent 03:12:13.861 TIM.create @ https://shark2.douyucdn.cn/front-publish/im-web-master/vendor~app.bundle.f4a086e.js:6
[   33965ms] [LOG] %c TIM %c background:#0abf5b; padding:1px; border-radius:3px; color: #fff background:transparent 03:12:13.863 SocketHandler._connect isWorkerEnabled:true socketID:87922046 url:wss://wss.im.qcloud.com/binfo?sdkappid=1400029396&instanceid=eb75038acc108e33673a80a98374a500&random=0.30390461485664466&platform=7&host=windows&version=-1&sdkversion=2.27.6&compress=gzip @ https://shark2.douyucdn.cn/front-publish/im-web-master/vendor~app.bundle.f4a086e.js:6
[   33968ms] [INFO] %c TIM %c background:#0abf5b; padding:1px; border-radius:3px; color: #fff background:transparent 03:12:13.866 SDK instanceID:eb75038acc108e33673a80a98374a500 SDKAppID:1400029396 host:windows oversea:false inBrowser:true inMiniApp:false canIUseInflate:true workerAvailable:true UserAgent:Mozilla/5.0 (Windows NT 10.0; Win64; x64) AppleWebKit/537.36 (KHTML, like Gecko) Chrome/150.0.0.0 Safari/537.36 @ https://shark2.douyucdn.cn/front-publish/im-web-master/vendor~app.bundle.f4a086e.js:6
[   33968ms] [LOG] %c TIM %c background:#0abf5b; padding:1px; border-radius:3px; color: #fff background:transparent 03:12:13.866 TIM.create ok @ https://shark2.douyucdn.cn/front-publish/im-web-master/vendor~app.bundle.f4a086e.js:6
[   34242ms] [LOG] TIMUploadPlugin.VERSION: 1.3.0 @ https://shark2.douyucdn.cn/front-publish/im-web-master/vendor~app.bundle.f4a086e.js:24
[   37977ms] [ERROR] Failed to load resource: net::ERR_CONNECTION_RESET @ https://localhost.weixin.qq.com:14016/wx_game_base/api/business:0
[   39881ms] [ERROR] Failed to load resource: net::ERR_CONNECTION_CLOSED @ https://localhost.weixin.qq.com:13017/wx_game_base/api/business:0
[   40165ms] [ERROR] Error: timeout
    at https://game.weixin.qq.com/cgi-bin/minigame/static/pc-gamesdk-alpha/wxgamesdkframe.html:1:9167
    at Generator.throw (<anonymous>)
    at a (https://game.weixin.qq.com/cgi-bin/minigame/static/pc-gamesdk-alpha/wxgamesdkframe.html:1:7941) @ https://game.weixin.qq.com/cgi-bin/minigame/static/pc-gamesdk-alpha/wxgamesdkframe.html:0
[  121338ms] [TIMEEND] LoadScene db://assets/scenes/loading.scene: 19.5400390625 ms @ https://shark2.douyucdn.cn/front-publish/make-watermelon-master/web-mobile/cocos-js/cc.f9e85.js:0
