[     149ms] [LOG] getLegacyFirstStream 143.39999999850988 @ https://www.douyu.com/6657:44
[     150ms] [LOG] jsh WebEncrypt start 143.89999999850988 @ https://shark2.douyucdn.cn/front-publish/douyu-web-first-stream-master/web-encrypt-57bbddd0.js:6
[     249ms] [LOG] jsh WebEncrypt encrypt sign success 243.20000000298023 @ https://shark2.douyucdn.cn/front-publish/douyu-web-first-stream-master/web-encrypt-57bbddd0.js:6
[     250ms] [LOG] jsh WebEncrypt request sended success 243.79999999701977 @ https://shark2.douyucdn.cn/front-publish/douyu-web-first-stream-master/web-encrypt-57bbddd0.js:6
[     356ms] [LOG] prefetch stream 349.8999999985099 @ https://shark2.douyucdn.cn/front-publish/douyu-web-first-stream-master/web-encrypt-57bbddd0.js:6
[    1468ms] Transition was skipped
[    1505ms] Transition was skipped
[    4991ms] [WARNING] The resource https://shark2.douyucdn.cn/front-publish/douyu-web-master/_next/static/css/de236a3d3a703e3c.css was preloaded using link preload but not used within a few seconds from the window's load event. Please make sure it has an appropriate `as` value and it is preloaded intentionally. @ https://www.douyu.com/6657?dyshid=32223c1-fd423b22fca2312abe516da000001701:0
[    5628ms] [LOG] frame on registerListener @ https://game.weixin.qq.com/cgi-bin/minigame/static/pc-gamesdk-alpha/wxgamesdkframe.html:0
[    5827ms] Uncaught TypeError: Cannot read properties of undefined (reading 'call')
    at Y.window.onerror (https://fedlib.msstatic.com/fedbasic/ad-report/report.bundle.2.1.24-0.umd.js:0:359900)
[    6152ms] [LOG] frame on sync_method {getGameSession: } @ https://game.weixin.qq.com/cgi-bin/minigame/static/pc-gamesdk-alpha/wxgamesdkframe.html:0
[    7641ms] [WARNING] Unrecognized feature: 'private-network'. @ https://game.weixin.qq.com/cgi-bin/minigame/static/pc-gamesdk-alpha/wxgamesdk.js:0
[    7690ms] [LOG] frame on registerListener @ https://game.weixin.qq.com/cgi-bin/minigame/static/pc-gamesdk-alpha/wxgamesdkframe.html:0
[    8314ms] [LOG] frame on sync_method {getGameSession: } @ https://game.weixin.qq.com/cgi-bin/minigame/static/pc-gamesdk-alpha/wxgamesdkframe.html:0
[    8951ms] [LOG] frame on invoke {apiName: getGameSession, args: Object} @ https://game.weixin.qq.com/cgi-bin/minigame/static/pc-gamesdk-alpha/wxgamesdkframe.html:0
[    9545ms] [LOG] frame on invoke {apiName: getGameSession, args: Object} @ https://game.weixin.qq.com/cgi-bin/minigame/static/pc-gamesdk-alpha/wxgamesdkframe.html:0
[    9545ms] [ERROR] Error: rate limit exceeded
    at https://game.weixin.qq.com/cgi-bin/minigame/static/pc-gamesdk-alpha/wxgamesdkframe.html:1:11004
    at Generator.next (<anonymous>)
    at https://game.weixin.qq.com/cgi-bin/minigame/static/pc-gamesdk-alpha/wxgamesdkframe.html:1:10192
    at new Promise (<anonymous>)
    at n (https://game.weixin.qq.com/cgi-bin/minigame/static/pc-gamesdk-alpha/wxgamesdkframe.html:1:9940)
    at Object.send (https://game.weixin.qq.com/cgi-bin/minigame/static/pc-gamesdk-alpha/wxgamesdkframe.html:1:10847)
    at https://game.weixin.qq.com/cgi-bin/minigame/static/pc-gamesdk-alpha/wxgamesdkframe.html:1:1002
    at Generator.next (<anonymous>)
    at https://game.weixin.qq.com/cgi-bin/minigame/static/pc-gamesdk-alpha/wxgamesdkframe.html:1:508
    at new Promise (<anonymous>) @ https://game.weixin.qq.com/cgi-bin/minigame/static/pc-gamesdk-alpha/wxgamesdkframe.html:0
[   10681ms] [LOG] %c TIM %c background:#0abf5b; padding:1px; border-radius:3px; color: #fff background:transparent 05:19:13.878 TIM.VERSION:2.27.6 @ https://shark2.douyucdn.cn/front-publish/im-web-master/vendor~app.bundle.f4a086e.js:6
[   10681ms] [LOG] %c TIM %c background:#0abf5b; padding:1px; border-radius:3px; color: #fff background:transparent 05:19:13.878 TIM.create @ https://shark2.douyucdn.cn/front-publish/im-web-master/vendor~app.bundle.f4a086e.js:6
[   10683ms] [LOG] %c TIM %c background:#0abf5b; padding:1px; border-radius:3px; color: #fff background:transparent 05:19:13.880 SocketHandler._connect isWorkerEnabled:true socketID:54173394 url:wss://wss.im.qcloud.com/binfo?sdkappid=1400029396&instanceid=2ec64ec8d8b8e1bcc0ae112494bf95b2&random=0.09332274302981969&platform=7&host=windows&version=-1&sdkversion=2.27.6&compress=gzip @ https://shark2.douyucdn.cn/front-publish/im-web-master/vendor~app.bundle.f4a086e.js:6
[   10690ms] [LOG] %c TIM %c background:#0abf5b; padding:1px; border-radius:3px; color: #fff background:transparent 05:19:13.887 ErrorMessageModule._needToUpdate isTimeout:false isDifferentVersion:false @ https://shark2.douyucdn.cn/front-publish/im-web-master/vendor~app.bundle.f4a086e.js:6
[   10691ms] [INFO] %c TIM %c background:#0abf5b; padding:1px; border-radius:3px; color: #fff background:transparent 05:19:13.888 SDK instanceID:2ec64ec8d8b8e1bcc0ae112494bf95b2 SDKAppID:1400029396 host:windows oversea:false inBrowser:true inMiniApp:false canIUseInflate:true workerAvailable:true UserAgent:Mozilla/5.0 (Windows NT 10.0; Win64; x64) AppleWebKit/537.36 (KHTML, like Gecko) Chrome/150.0.0.0 Safari/537.36 @ https://shark2.douyucdn.cn/front-publish/im-web-master/vendor~app.bundle.f4a086e.js:6
[   10691ms] [LOG] %c TIM %c background:#0abf5b; padding:1px; border-radius:3px; color: #fff background:transparent 05:19:13.889 TIM.create ok @ https://shark2.douyucdn.cn/front-publish/im-web-master/vendor~app.bundle.f4a086e.js:6
[   11020ms] [LOG] TIMUploadPlugin.VERSION: 1.3.0 @ https://shark2.douyucdn.cn/front-publish/im-web-master/vendor~app.bundle.f4a086e.js:24
[   16967ms] [ERROR] Error: timeout
    at https://game.weixin.qq.com/cgi-bin/minigame/static/pc-gamesdk-alpha/wxgamesdkframe.html:1:9167
    at Generator.throw (<anonymous>)
    at a (https://game.weixin.qq.com/cgi-bin/minigame/static/pc-gamesdk-alpha/wxgamesdkframe.html:1:7941) @ https://game.weixin.qq.com/cgi-bin/minigame/static/pc-gamesdk-alpha/wxgamesdkframe.html:0
[   17043ms] [ERROR] Failed to load resource: the server responded with a status of 503 (Service Temporarily Unavailable) @ https://sdkapi-unity.douyucdn.cn/6979222rWIwEVZK5.xs?playid=1786051159197-9979611781&uuid=0d7f8935-0385-4526-8d2a-77f859db1468&p2p_sdk_ver=1&wsAuth=072901977a20fcc292c69ec8a2e58e26&token=web-h5-52569025-6979222-6f7cc09a4814b1d368d939b3d6a7cf970763bad374b9a04d&logo=0&expire=0&did=fd423b22fca2312abe516da000001701&ver=Douyu_new&pt=2&st=3&sid=434759563&mcid2=0&origin=hw&fcdn=hw&fo=0&mix=0&isp=:0
[   40991ms] [TIMEEND] LoadScene db://assets/scenes/loading.scene: 13.903076171875 ms @ https://shark2.douyucdn.cn/front-publish/make-watermelon-master/web-mobile/cocos-js/cc.f9e85.js:0
[   65608ms] [ERROR] Error 3804, please go to https://github.com/cocos/cocos-engine/blob/3.8.6/EngineErrorMap.md#3804 to see details. @ https://shark2.douyucdn.cn/front-publish/make-watermelon-master/web-mobile/cocos-js/cc.f9e85.js:0
[   72437ms] [ERROR] Error 3804, please go to https://github.com/cocos/cocos-engine/blob/3.8.6/EngineErrorMap.md#3804 to see details. @ https://shark2.douyucdn.cn/front-publish/make-watermelon-master/web-mobile/cocos-js/cc.f9e85.js:0
[   72437ms] [ERROR] Error 3804, please go to https://github.com/cocos/cocos-engine/blob/3.8.6/EngineErrorMap.md#3804 to see details. @ https://shark2.douyucdn.cn/front-publish/make-watermelon-master/web-mobile/cocos-js/cc.f9e85.js:0
[   97509ms] [TIMEEND] LoadScene game: 40.0849609375 ms @ https://shark2.douyucdn.cn/front-publish/make-watermelon-master/web-mobile/cocos-js/cc.f9e85.js:0
[  113627ms] [ERROR] Error 3804, please go to https://github.com/cocos/cocos-engine/blob/3.8.6/EngineErrorMap.md#3804 to see details. @ https://shark2.douyucdn.cn/front-publish/make-watermelon-master/web-mobile/cocos-js/cc.f9e85.js:0
[  130942ms] [ERROR] Error 3804, please go to https://github.com/cocos/cocos-engine/blob/3.8.6/EngineErrorMap.md#3804 to see details. @ https://shark2.douyucdn.cn/front-publish/make-watermelon-master/web-mobile/cocos-js/cc.f9e85.js:0
[  130942ms] [ERROR] Error 3804, please go to https://github.com/cocos/cocos-engine/blob/3.8.6/EngineErrorMap.md#3804 to see details. @ https://shark2.douyucdn.cn/front-publish/make-watermelon-master/web-mobile/cocos-js/cc.f9e85.js:0
[  130942ms] [ERROR] Error 3804, please go to https://github.com/cocos/cocos-engine/blob/3.8.6/EngineErrorMap.md#3804 to see details. @ https://shark2.douyucdn.cn/front-publish/make-watermelon-master/web-mobile/cocos-js/cc.f9e85.js:0
[  130942ms] [ERROR] Error 3804, please go to https://github.com/cocos/cocos-engine/blob/3.8.6/EngineErrorMap.md#3804 to see details. @ https://shark2.douyucdn.cn/front-publish/make-watermelon-master/web-mobile/cocos-js/cc.f9e85.js:0
[  140303ms] [ERROR] Error 3804, please go to https://github.com/cocos/cocos-engine/blob/3.8.6/EngineErrorMap.md#3804 to see details. @ https://shark2.douyucdn.cn/front-publish/make-watermelon-master/web-mobile/cocos-js/cc.f9e85.js:0
[  168127ms] [ERROR] Error 3804, please go to https://github.com/cocos/cocos-engine/blob/3.8.6/EngineErrorMap.md#3804 to see details. @ https://shark2.douyucdn.cn/front-publish/make-watermelon-master/web-mobile/cocos-js/cc.f9e85.js:0
[  168127ms] [ERROR] Error 3804, please go to https://github.com/cocos/cocos-engine/blob/3.8.6/EngineErrorMap.md#3804 to see details. @ https://shark2.douyucdn.cn/front-publish/make-watermelon-master/web-mobile/cocos-js/cc.f9e85.js:0
[  168128ms] [ERROR] Error 3804, please go to https://github.com/cocos/cocos-engine/blob/3.8.6/EngineErrorMap.md#3804 to see details. @ https://shark2.douyucdn.cn/front-publish/make-watermelon-master/web-mobile/cocos-js/cc.f9e85.js:0
[  452391ms] [ERROR] Failed to load resource: the server responded with a status of 404 (Not Found) @ https://ip147924915473575190188926185326946287663.livehwc3.cn/dyp2p-hw.douyucdn.cn/live/6979222rWIwEVZK5.xs?slicenum=2789571418,2789571424,2789571430,2789571436,2789571446,2789571448,2789571452,2789571454,2789571458,2789571460&wsAuth=072901977a20fcc292c69ec8a2e58e26&token=web-h5-52569025-6979222-6f7cc09a4814b1d368d939b3d6a7cf970763bad374b9a04d&logo=0&expire=0&did=fd423b22fca2312abe516da000001701&ver=Douyu_new&pt=2&st=3&sid=434759563&mcid2=0&origin=hw&fcdn=hw&fo=0&mix=0&isp=&playid=1786051159197-9979611781&uuid=0d7f8935-0385-4526-8d2a-77f859db1468&txSecret=af1c3a210ec7af165313768a23aca726&txTime=6a754eb6:0
[  457392ms] [ERROR] Failed to load resource: the server responded with a status of 404 (Not Found) @ https://ip147924915473575190188926185326946287663.livehwc3.cn/dyp2p-hw.douyucdn.cn/live/6979222rWIwEVZK5.xs?slicenum=2789571749,2789571750,2789571755,2789571756,2789571761,2789571762,2789571767,2789571768,2789571773,2789571774&wsAuth=072901977a20fcc292c69ec8a2e58e26&token=web-h5-52569025-6979222-6f7cc09a4814b1d368d939b3d6a7cf970763bad374b9a04d&logo=0&expire=0&did=fd423b22fca2312abe516da000001701&ver=Douyu_new&pt=2&st=3&sid=434759563&mcid2=0&origin=hw&fcdn=hw&fo=0&mix=0&isp=&playid=1786051159197-9979611781&uuid=0d7f8935-0385-4526-8d2a-77f859db1468&txSecret=af1c3a210ec7af165313768a23aca726&txTime=6a754eb6:0
